#
# There is insufficient memory for the Java Runtime Environment to continue.
# Native memory allocation (mmap) failed to map 402653184 bytes. Error detail: G1 virtual space
# Possible reasons:
#   The system is out of physical RAM or swap space
#   This process is running with CompressedOops enabled, and the Java Heap may be blocking the growth of the native heap
# Possible solutions:
#   Reduce memory load on the system
#   Increase physical memory or swap space
#   Check if swap backing store is full
#   Decrease Java heap size (-Xmx/-Xms)
#   Decrease number of Java threads
#   Decrease Java thread stack sizes (-Xss)
#   Set larger code cache with -XX:ReservedCodeCacheSize=
#   JVM is running with Zero Based Compressed Oops mode in which the Java heap is
#     placed in the first 32GB address space. The Java Heap base address is the
#     maximum limit for the native heap growth. Please use -XX:HeapBaseMinAddress
#     to set the Java Heap base and to place the Java Heap above 32GB virtual address.
# This output file may be truncated or incomplete.
#
#  Out of Memory Error (os_windows.cpp:3710), pid=10556, tid=17168
#
# JRE version:  (17.0.16+8) (build )
# Java VM: OpenJDK 64-Bit Server VM (17.0.16+8-LTS, mixed mode, sharing, tiered, compressed oops, compressed class ptrs, g1 gc, windows-amd64)
# No core dump will be written. Minidumps are not enabled by default on client versions of Windows
#

---------------  S U M M A R Y ------------

Command Line: --enable-native-access=ALL-UNNAMED com.google.prefab.cli.AppKt --build-system cmake --platform android --abi arm64-v8a --os-version 24 --stl c++_shared --ndk-version 27 --output C:\\Users\\HP\\AppData\\Local\\Temp\\agp-prefab-staging1140397514457910761\\staged-cli-output C:\\Users\\HP\\.gradle\\caches\\9.4.1\\transforms\\20ad2d019970f8e91fa7eb3c7227b106\\transformed\\react-android-0.87.0-debug\\prefab C:\\Users\\HP\\.gradle\\caches\\9.4.1\\transforms\\82e12f5657b78a2f3001648586ffcf26\\transformed\\hermes-android-250829098.0.16-debug\\prefab C:\\Users\\HP\\.gradle\\caches\\9.4.1\\transforms\\3cb1792e16d0777e9535521c99f0b7b5\\transformed\\fbjni-0.7.0\\prefab

Host: Intel(R) Core(TM) i5-8265U CPU @ 1.60GHz, 8 cores, 23G,  Windows 11 , 64 bit Build 26100 (10.0.26100.9168)
Time: Tue Aug 18 04:11:42 2026 Pakistan Standard Time elapsed time: 0.055598 seconds (0d 0h 0m 0s)

---------------  T H R E A D  ---------------

Current thread (0x00000211b05bd130):  JavaThread "Unknown thread" [_thread_in_vm, id=17168, stack(0x00000052f0900000,0x00000052f0a00000)]

Stack: [0x00000052f0900000,0x00000052f0a00000]
Native frames: (J=compiled Java code, j=interpreted, Vv=VM code, C=native code)
V  [jvm.dll+0x68ee19]
V  [jvm.dll+0x846249]
V  [jvm.dll+0x847fb8]
V  [jvm.dll+0x848643]
V  [jvm.dll+0x24cf6f]
V  [jvm.dll+0x68bde9]
V  [jvm.dll+0x6803aa]
V  [jvm.dll+0x30ffc0]
V  [jvm.dll+0x30fe62]
V  [jvm.dll+0x3173b9]
V  [jvm.dll+0x3695e9]
V  [jvm.dll+0x36981d]
V  [jvm.dll+0x2e683a]
V  [jvm.dll+0x2e7748]
V  [jvm.dll+0x8186fe]
V  [jvm.dll+0x377251]
V  [jvm.dll+0x7f6d45]
V  [jvm.dll+0x3fd00b]
V  [jvm.dll+0x3fec41]
C  [jli.dll+0x52f0]
C  [ucrtbase.dll+0x2cd30]
C  [KERNEL32.DLL+0x2ccb7]
C  [ntdll.dll+0xaad6c]


---------------  P R O C E S S  ---------------

Threads class SMR info:
_java_thread_list=0x00007ffd984f7018, length=0, elements={
}

Java Threads: ( => current thread )

Other Threads:
  0x00000211b0647910 GCTaskThread "GC Thread#0" [stack: 0x00000052f0b00000,0x00000052f0c00000] [id=10164]
  0x00000211b06545c0 ConcurrentGCThread "G1 Main Marker" [stack: 0x00000052f0c00000,0x00000052f0d00000] [id=6264]
  0x00000211b0658040 ConcurrentGCThread "G1 Conc#0" [stack: 0x00000052f0d00000,0x00000052f0e00000] [id=6704]

[error occurred during error reporting (printing all threads), id 0xc0000005, EXCEPTION_ACCESS_VIOLATION (0xc0000005) at pc=0x00007ffd97ca7307]

VM state: not at safepoint (not fully initialized)

VM Mutex/Monitor currently owned by a thread:  ([mutex/lock_event])
[0x00000211b05bb2d0] Heap_lock - owner thread: 0x00000211b05bd130

Heap address: 0x0000000683400000, size: 6092 MB, Compressed Oops mode: Zero based, Oop shift amount: 3

CDS archive(s) mapped at: [0x0000000000000000-0x0000000000000000-0x0000000000000000), size 0, SharedBaseAddress: 0x0000000800000000, ArchiveRelocationMode: 1.
Narrow klass base: 0x0000000000000000, Narrow klass shift: 0, Narrow klass range: 0x0

GC Precious Log:
<Empty>

Heap:
 garbage-first heap   total 0K, used 0K [0x0000000683400000, 0x0000000800000000)
  region size 4096K, 0 young (0K), 0 survivors (0K)

[error occurred during error reporting (printing heap information), id 0xc0000005, EXCEPTION_ACCESS_VIOLATION (0xc0000005) at pc=0x00007ffd98098979]

GC Heap History (0 events):
No events

Dll operation events (1 events):
Event: 0.035 Loaded shared library C:\Program Files\Microsoft\jdk-17.0.16.8-hotspot\bin\java.dll

Deoptimization events (0 events):
No events

Classes loaded (0 events):
No events

Classes unloaded (0 events):
No events

Classes redefined (0 events):
No events

Internal exceptions (0 events):
No events

VM Operations (0 events):
No events

Memory protections (0 events):
No events

Nmethod flushes (0 events):
No events

Events (0 events):
No events


Dynamic libraries:
0x00007ff7ac9f0000 - 0x00007ff7ac9fe000 	C:\Program Files\Microsoft\jdk-17.0.16.8-hotspot\bin\java.exe
0x00007ffe17640000 - 0x00007ffe178a6000 	C:\WINDOWS\SYSTEM32\ntdll.dll
0x00007ffe15380000 - 0x00007ffe15449000 	C:\WINDOWS\System32\KERNEL32.DLL
0x00007ffe14850000 - 0x00007ffe14c4f000 	C:\WINDOWS\System32\KERNELBASE.dll
0x00007ffe14ea0000 - 0x00007ffe14fec000 	C:\WINDOWS\System32\ucrtbase.dll
0x00007ffded6c0000 - 0x00007ffded6d8000 	C:\Program Files\Microsoft\jdk-17.0.16.8-hotspot\bin\jli.dll
0x00007ffe15660000 - 0x00007ffe15826000 	C:\WINDOWS\System32\USER32.dll
0x00007ffe15090000 - 0x00007ffe150b7000 	C:\WINDOWS\System32\win32u.dll
0x00007ffe165b0000 - 0x00007ffe165db000 	C:\WINDOWS\System32\GDI32.dll
0x00007ffe150c0000 - 0x00007ffe151e9000 	C:\WINDOWS\System32\gdi32full.dll
0x00007ffe14c60000 - 0x00007ffe14d03000 	C:\WINDOWS\System32\msvcp_win.dll
0x00007ffded5c0000 - 0x00007ffded5de000 	C:\Program Files\Microsoft\jdk-17.0.16.8-hotspot\bin\VCRUNTIME140.dll
0x00007ffdea910000 - 0x00007ffdeaba1000 	C:\WINDOWS\WinSxS\amd64_microsoft.windows.common-controls_6595b64144ccf1df_6.0.26100.8972_none_3e0da176e32f9d4b\COMCTL32.dll
0x00007ffe154f0000 - 0x00007ffe15599000 	C:\WINDOWS\System32\msvcrt.dll
0x00007ffe161e0000 - 0x00007ffe16212000 	C:\WINDOWS\System32\IMM32.DLL
0x00007ffe08c10000 - 0x00007ffe08c1c000 	C:\Program Files\Microsoft\jdk-17.0.16.8-hotspot\bin\vcruntime140_1.dll
0x00007ffde1150000 - 0x00007ffde11d9000 	C:\Program Files\Microsoft\jdk-17.0.16.8-hotspot\bin\msvcp140.dll
0x00007ffd979b0000 - 0x00007ffd9862a000 	C:\Program Files\Microsoft\jdk-17.0.16.8-hotspot\bin\server\jvm.dll
0x00007ffe16d80000 - 0x00007ffe16e3c000 	C:\WINDOWS\System32\ADVAPI32.dll
0x00007ffe155a0000 - 0x00007ffe1564a000 	C:\WINDOWS\System32\sechost.dll
0x00007ffe17400000 - 0x00007ffe17518000 	C:\WINDOWS\System32\RPCRT4.dll
0x00007ffe16cf0000 - 0x00007ffe16d72000 	C:\WINDOWS\System32\WS2_32.dll
0x00007ffe146b0000 - 0x00007ffe1470e000 	C:\WINDOWS\SYSTEM32\POWRPROF.dll
0x00007ffdfe2c0000 - 0x00007ffdfe2f6000 	C:\WINDOWS\SYSTEM32\WINMM.dll
0x00007ffe0ab60000 - 0x00007ffe0ab6b000 	C:\WINDOWS\SYSTEM32\VERSION.dll
0x00007ffe14690000 - 0x00007ffe146a5000 	C:\WINDOWS\SYSTEM32\UMPDC.dll
0x00007ffe13500000 - 0x00007ffe1351b000 	C:\WINDOWS\SYSTEM32\kernel.appcore.dll
0x00007ffe030f0000 - 0x00007ffe030fa000 	C:\Program Files\Microsoft\jdk-17.0.16.8-hotspot\bin\jimage.dll
0x00007ffe11d80000 - 0x00007ffe11fc2000 	C:\WINDOWS\SYSTEM32\DBGHELP.DLL
0x00007ffe16220000 - 0x00007ffe165a5000 	C:\WINDOWS\System32\combase.dll
0x00007ffe165e0000 - 0x00007ffe166b9000 	C:\WINDOWS\System32\OLEAUT32.dll
0x00007ffdf9920000 - 0x00007ffdf995b000 	C:\WINDOWS\SYSTEM32\dbgcore.DLL
0x00007ffe151f0000 - 0x00007ffe1529c000 	C:\WINDOWS\System32\bcryptPrimitives.dll
0x00007ffde3130000 - 0x00007ffde3156000 	C:\Program Files\Microsoft\jdk-17.0.16.8-hotspot\bin\java.dll

dbghelp: loaded successfully - version: 4.0.5 - missing functions: none
symbol engine: initialized successfully - sym options: 0x614 - pdb path: .;C:\Program Files\Microsoft\jdk-17.0.16.8-hotspot\bin;C:\WINDOWS\SYSTEM32;C:\WINDOWS\WinSxS\amd64_microsoft.windows.common-controls_6595b64144ccf1df_6.0.26100.8972_none_3e0da176e32f9d4b;C:\Program Files\Microsoft\jdk-17.0.16.8-hotspot\bin\server

VM Arguments:
jvm_args: --enable-native-access=ALL-UNNAMED 
java_command: com.google.prefab.cli.AppKt --build-system cmake --platform android --abi arm64-v8a --os-version 24 --stl c++_shared --ndk-version 27 --output C:\\Users\\HP\\AppData\\Local\\Temp\\agp-prefab-staging1140397514457910761\\staged-cli-output C:\\Users\\HP\\.gradle\\caches\\9.4.1\\transforms\\20ad2d019970f8e91fa7eb3c7227b106\\transformed\\react-android-0.87.0-debug\\prefab C:\\Users\\HP\\.gradle\\caches\\9.4.1\\transforms\\82e12f5657b78a2f3001648586ffcf26\\transformed\\hermes-android-250829098.0.16-debug\\prefab C:\\Users\\HP\\.gradle\\caches\\9.4.1\\transforms\\3cb1792e16d0777e9535521c99f0b7b5\\transformed\\fbjni-0.7.0\\prefab
java_class_path (initial): C:\\Users\\HP\\.gradle\\caches\\modules-2\\files-2.1\\com.google.prefab\\cli\\2.1.0\\aa32fec809c44fa531f01dcfb739b5b3304d3050\\cli-2.1.0-all.jar
Launcher Type: SUN_STANDARD

[Global flags]
     intx CICompilerCount                          = 4                                         {product} {ergonomic}
     uint ConcGCThreads                            = 2                                         {product} {ergonomic}
     uint G1ConcRefinementThreads                  = 8                                         {product} {ergonomic}
   size_t G1HeapRegionSize                         = 4194304                                   {product} {ergonomic}
    uintx GCDrainStackTargetSize                   = 64                                        {product} {ergonomic}
   size_t InitialHeapSize                          = 402653184                                 {product} {ergonomic}
   size_t MarkStackSize                            = 4194304                                   {product} {ergonomic}
   size_t MaxHeapSize                              = 6387924992                                {product} {ergonomic}
   size_t MinHeapDeltaBytes                        = 4194304                                   {product} {ergonomic}
   size_t MinHeapSize                              = 8388608                                   {product} {ergonomic}
    uintx NonNMethodCodeHeapSize                   = 5839372                                {pd product} {ergonomic}
    uintx NonProfiledCodeHeapSize                  = 122909434                              {pd product} {ergonomic}
    uintx ProfiledCodeHeapSize                     = 122909434                              {pd product} {ergonomic}
    uintx ReservedCodeCacheSize                    = 251658240                              {pd product} {ergonomic}
     bool SegmentedCodeCache                       = true                                      {product} {ergonomic}
   size_t SoftMaxHeapSize                          = 6387924992                             {manageable} {ergonomic}
     bool UseCompressedClassPointers               = true                           {product lp64_product} {ergonomic}
     bool UseCompressedOops                        = true                           {product lp64_product} {ergonomic}
     bool UseG1GC                                  = true                                      {product} {ergonomic}
     bool UseLargePagesIndividualAllocation        = false                                  {pd product} {ergonomic}

Logging:
Log output configuration:
 #0: stdout all=warning uptime,level,tags
 #1: stderr all=off uptime,level,tags

Environment Variables:
JAVA_HOME=C:\Program Files\Microsoft\jdk-17.0.16.8-hotspot
PATH=E:\Apps\YouTube\node_modules\.bin;E:\Apps\YouTube\node_modules\.bin;E:\Apps\node_modules\.bin;E:\node_modules\.bin;C:\Users\HP\AppData\Roaming\npm\node_modules\npm\node_modules\@npmcli\run-script\lib\node-gyp-bin;C:\Python314\Scripts\;C:\Python314\;C:\Program Files\Microsoft\jdk-17.0.16.8-hotspot\bin;C:\WINDOWS\system32;C:\WINDOWS;C:\WINDOWS\System32\Wbem;C:\WINDOWS\System32\WindowsPowerShell\v1.0\;C:\WINDOWS\System32\OpenSSH\;C:\Program Files\Intel\WiFi\bin\;C:\Program Files\Common Files\Intel\WirelessCommon\;C:\ProgramData\chocolatey\bin;C:\Program Files\Microsoft\jdk-17.0.16.8-hotspot\bin;C:\ProgramData\mingw64\mingw64\bin;C:\Program Files\Git\cmd;C:\Program Files\nodejs\;C:\Users\HP\AppData\Local\Android\Sdk\tools;C:\Users\HP\AppData\Local\Android\Sdk\tools;C:\Users\HP\AppData\Local\Microsoft\WindowsApps;C:\Users\HP\AppData\Local\Programs\Microsoft VS Code\bin;C:\Users\HP\AppData\Local\Android\Sdk\build-tools;C:\Users\HP\AppData\Local\Android\Sdk\platform-tools;C:\Users\HP\AppData\Local\Android\Sdk\platforms;C:\Users\HP\AppData\Local\Android\Sdk\emulator;C:\Program Files\heroku\bin;C:\Users\HP\AppData\Local\Programs\Antigravity IDE\bin;C:\Users\HP\AppData\Roaming\npm;C:\Users\HP\AppData\Local\Android\Sdk\platform-tools;C:\Users\HP\AppData\Local\Android\Sdk\platforms;C:\Users\HP\AppData\Local\Android\Sdk\emulator;C:\Users\HP\AppData\Local\Android\Sdk\build-tools;
USERNAME=HP
OS=Windows_NT
PROCESSOR_IDENTIFIER=Intel64 Family 6 Model 142 Stepping 12, GenuineIntel
TMP=C:\Users\HP\AppData\Local\Temp
TEMP=C:\Users\HP\AppData\Local\Temp



Periodic native trim disabled


---------------  S Y S T E M  ---------------

OS:
 Windows 11 , 64 bit Build 26100 (10.0.26100.9168)
OS uptime: 3 days 22:24 hours
Hyper-V role detected

CPU: total 8 (initial active 8) (4 cores per cpu, 2 threads per core) family 6 model 142 stepping 12 microcode 0xde, cx8, cmov, fxsr, ht, mmx, 3dnowpref, sse, sse2, sse3, ssse3, sse4.1, sse4.2, popcnt, lzcnt, tsc, tscinvbit, avx, avx2, aes, erms, clmul, bmi1, bmi2, adx, fma, vzeroupper, clflush, clflushopt, hv
Processor Information for the first 8 processors :
  Max Mhz: 1800, Current Mhz: 1600, Mhz Limit: 1584

Memory: 4k page, system-wide physical 24356M (1597M free)
TotalPageFile size 33472M (AvailPageFile size 383M)
current process WorkingSet (physical memory assigned to process): 12M, peak: 12M
current process commit charge ("private bytes"): 60M, peak: 444M

vm_info: OpenJDK 64-Bit Server VM (17.0.16+8-LTS) for windows-amd64 JRE (17.0.16+8-LTS), built on Jul 10 2025 00:24:24 by "MicrosoftCorporation" with unknown MS VC++:1944

END.
